2025-12-10 15:06:56,714 INFO o.a.j.u.JMeterUtils: Setting Locale to en_EN
2025-12-10 15:06:56,736 INFO o.a.j.JMeter: Loading user properties from: /var/lib/apache-jmeter-5.4.3/bin/user.properties
2025-12-10 15:06:56,738 INFO o.a.j.JMeter: Loading system properties from: /var/lib/apache-jmeter-5.4.3/bin/system.properties
2025-12-10 15:06:56,739 INFO o.a.j.JMeter: Setting JMeter property: jmeter.save.saveservice.output_format=csv
2025-12-10 15:06:56,739 INFO o.a.j.JMeter: Setting JMeter property: NUM_THREAD=8
2025-12-10 15:06:56,740 INFO o.a.j.JMeter: Setting JMeter property: DURATION=660
2025-12-10 15:06:56,741 INFO o.a.j.JMeter: Setting System property: usePureIDs=true
2025-12-10 15:06:56,742 INFO o.a.j.JMeter: Setting System property: acmeair.healthcheck.enabled=true
2025-12-10 15:06:56,743 INFO o.a.j.JMeter: Setting System property: acmeair.healthcheck.path=/health
2025-12-10 15:06:56,743 INFO o.a.j.JMeter: Setting System property: acmeair.healthcheck.timeout=5000
2025-12-10 15:06:56,744 INFO o.a.j.JMeter: Setting System property: acmeair.circuitbreaker.threshold=10
2025-12-10 15:06:56,745 INFO o.a.j.JMeter: Setting System property: acmeair.circuitbreaker.resettime=30000
2025-12-10 15:06:56,745 INFO o.a.j.JMeter: Setting System property: acmeair.verbose=false
2025-12-10 15:06:56,751 INFO o.a.j.JMeter: Copyright (c) 1998-2021 The Apache Software Foundation
2025-12-10 15:06:56,752 INFO o.a.j.JMeter: Version 5.4.3
2025-12-10 15:06:56,753 INFO o.a.j.JMeter: java.version=17.0.17
2025-12-10 15:06:56,754 INFO o.a.j.JMeter: java.vm.name=OpenJDK 64-Bit Server VM
2025-12-10 15:06:56,754 INFO o.a.j.JMeter: os.name=Linux
2025-12-10 15:06:56,755 INFO o.a.j.JMeter: os.arch=aarch64
2025-12-10 15:06:56,756 INFO o.a.j.JMeter: os.version=5.15.49-linuxkit
2025-12-10 15:06:56,757 INFO o.a.j.JMeter: file.encoding=ANSI_X3.4-1968
2025-12-10 15:06:56,757 INFO o.a.j.JMeter: java.awt.headless=true
2025-12-10 15:06:56,758 INFO o.a.j.JMeter: Max memory     =1073741824
2025-12-10 15:06:56,759 INFO o.a.j.JMeter: Available Processors =4
2025-12-10 15:06:56,766 INFO o.a.j.JMeter: Default Locale=English (EN)
2025-12-10 15:06:56,767 INFO o.a.j.JMeter: JMeter  Locale=English (EN)
2025-12-10 15:06:56,768 INFO o.a.j.JMeter: JMeterHome=/var/lib/apache-jmeter-5.4.3
2025-12-10 15:06:56,769 INFO o.a.j.JMeter: user.dir  =/var/workload/acmeair-nodejs
2025-12-10 15:06:56,769 INFO o.a.j.JMeter: PWD       =/var/workload/acmeair-nodejs
2025-12-10 15:06:56,770 INFO o.a.j.JMeter: IP: 172.17.0.2 Name: 26ed40d0410f FullName: 26ed40d0410f
2025-12-10 15:06:56,773 INFO o.a.j.s.FileServer: Default base='/var/workload/acmeair-nodejs'
2025-12-10 15:06:56,774 INFO o.a.j.s.FileServer: Set new base='/var/workload/acmeair-nodejs'
2025-12-10 15:06:56,980 INFO o.a.j.s.SaveService: Testplan (JMX) version: 2.2. Testlog (JTL) version: 2.2
2025-12-10 15:06:57,007 INFO o.a.j.s.SaveService: Using SaveService properties version 5.0
2025-12-10 15:06:57,010 INFO o.a.j.s.SaveService: Using SaveService properties file encoding UTF-8
2025-12-10 15:06:57,013 INFO o.a.j.s.SaveService: Loading file: AcmeAir.jmx
2025-12-10 15:06:57,055 INFO o.a.j.p.h.c.CookieManager: Settings: Delete null: true Check: true Allow variable: true Save: false Prefix: COOKIE_
2025-12-10 15:06:57,066 ERROR o.a.j.p.h.s.HTTPSamplerBase: Cannot find .className property for htmlParser, ensure you set property: 'htmlParser.className'
2025-12-10 15:06:57,066 INFO o.a.j.p.h.s.HTTPSamplerBase: Parser for text/vnd.wap.wml is org.apache.jmeter.protocol.http.parser.RegexpHTMLParser
2025-12-10 15:06:57,102 INFO o.a.j.JMeter: Creating summariser <summary>
2025-12-10 15:06:57,108 INFO o.a.j.e.StandardJMeterEngine: Running the test!
2025-12-10 15:06:57,109 INFO o.a.j.s.SampleEvent: List of sample_variables: [FLIGHTTOCOUNT, FLIGHTRETCOUNT, ONEWAY, SERVICE_AVAILABLE, CONSECUTIVE_FAILURES, LAST_RECOVERY_TIME_MS, TOTAL_OUTAGES, CURRENT_OUTAGE_DURATION_MS]
2025-12-10 15:06:57,110 INFO o.a.j.s.SampleEvent: List of sample_variables: [FLIGHTTOCOUNT, FLIGHTRETCOUNT, ONEWAY, SERVICE_AVAILABLE, CONSECUTIVE_FAILURES, LAST_RECOVERY_TIME_MS, TOTAL_OUTAGES, CURRENT_OUTAGE_DURATION_MS]
2025-12-10 15:06:57,115 INFO o.a.j.e.u.CompoundVariable: Note: Function class names must contain the string: '.functions.'
2025-12-10 15:06:57,116 INFO o.a.j.e.u.CompoundVariable: Note: Function class names must not contain the string: '.gui.'
2025-12-10 15:06:57,232 INFO o.a.j.JMeter: Running test (1765379217232)
2025-12-10 15:06:57,317 INFO o.a.j.e.StandardJMeterEngine: Starting ThreadGroup: 1 : Thread Group
2025-12-10 15:06:57,319 INFO o.a.j.e.StandardJMeterEngine: Starting 8 threads for group Thread Group.
2025-12-10 15:06:57,319 INFO o.a.j.e.StandardJMeterEngine: Thread will continue on error
2025-12-10 15:06:57,320 INFO o.a.j.t.ThreadGroup: Starting thread group... number=1 threads=8 ramp-up=10 delayedStart=false
2025-12-10 15:06:57,336 INFO o.a.j.t.JMeterThread: Thread started: Thread Group 1-1
2025-12-10 15:06:57,339 INFO o.a.j.s.FileServer: Stored: hosts.csv Alias: hosts.csv@685886982
2025-12-10 15:06:57,356 INFO o.a.j.t.ThreadGroup: Started thread group number 1
2025-12-10 15:06:57,356 INFO o.a.j.e.StandardJMeterEngine: All thread groups have been started
2025-12-10 15:06:57,359 WARN o.a.j.p.h.s.HTTPHCAbstractImpl: You're using property 'httpclient.timeout' that will soon be deprecated for HttpClient3.1, you should either set timeout in HTTP Request GUI, HTTP Request Defaults or set http.socket.timeout in httpclient.parameters
2025-12-10 15:06:57,360 INFO o.a.j.p.h.s.HTTPHCAbstractImpl: Local host = 26ed40d0410f
2025-12-10 15:06:57,369 INFO o.a.j.p.h.s.HTTPHC4Impl: HTTP request retry count = 0
2025-12-10 15:06:57,370 INFO o.a.j.s.SampleResult: Note: Sample TimeStamps are START times
2025-12-10 15:06:57,371 INFO o.a.j.s.SampleResult: sampleresult.default.encoding is set to ISO-8859-1
2025-12-10 15:06:57,371 INFO o.a.j.s.SampleResult: sampleresult.useNanoTime=true
2025-12-10 15:06:57,372 INFO o.a.j.s.SampleResult: sampleresult.nanoThreadSleep=5000
2025-12-10 15:06:57,557 INFO o.a.j.s.FileServer: Stored: Airports2.csv
2025-12-10 15:06:57,559 INFO o.a.j.s.FileServer: Stored: Airports.csv
2025-12-10 15:06:58,576 INFO o.a.j.t.JMeterThread: Thread started: Thread Group 1-2
2025-12-10 15:06:58,584 INFO o.a.j.s.FileServer: Stored: hosts.csv Alias: hosts.csv@1454975697
2025-12-10 15:06:59,824 INFO o.a.j.t.JMeterThread: Thread started: Thread Group 1-3
2025-12-10 15:06:59,827 INFO o.a.j.s.FileServer: Stored: hosts.csv Alias: hosts.csv@1286680041
2025-12-10 15:07:00,007 INFO o.a.j.r.Summariser: summary +     22 in 00:00:03 =    7.9/s Avg:    55 Min:    28 Max:   191 Err:     0 (0.00%) Active: 3 Started: 3 Finished: 0
2025-12-10 15:07:01,076 INFO o.a.j.t.JMeterThread: Thread started: Thread Group 1-4
2025-12-10 15:07:01,082 INFO o.a.j.s.FileServer: Stored: hosts.csv Alias: hosts.csv@1267751951
2025-12-10 15:07:02,333 INFO o.a.j.t.JMeterThread: Thread started: Thread Group 1-5
2025-12-10 15:07:02,335 INFO o.a.j.s.FileServer: Stored: hosts.csv Alias: hosts.csv@717549361
2025-12-10 15:07:03,590 INFO o.a.j.t.JMeterThread: Thread started: Thread Group 1-6
2025-12-10 15:07:03,592 INFO o.a.j.s.FileServer: Stored: hosts.csv Alias: hosts.csv@131768066
2025-12-10 15:07:04,830 INFO o.a.j.t.JMeterThread: Thread started: Thread Group 1-7
2025-12-10 15:07:04,832 INFO o.a.j.s.FileServer: Stored: hosts.csv Alias: hosts.csv@740501787
2025-12-10 15:07:06,079 INFO o.a.j.t.JMeterThread: Thread started: Thread Group 1-8
2025-12-10 15:07:06,081 INFO o.a.j.s.FileServer: Stored: hosts.csv Alias: hosts.csv@519348876
2025-12-10 15:07:30,026 INFO o.a.j.r.Summariser: summary +    463 in 00:00:30 =   15.4/s Avg:   224 Min:    20 Max: 10050 Err:    20 (4.32%) Active: 8 Started: 8 Finished: 0
2025-12-10 15:07:30,029 INFO o.a.j.r.Summariser: summary =    485 in 00:00:33 =   14.8/s Avg:   216 Min:    20 Max: 10050 Err:    20 (4.12%)
2025-12-10 15:08:00,029 INFO o.a.j.r.Summariser: summary +    393 in 00:00:30 =   13.1/s Avg:   444 Min:    19 Max: 10041 Err:    51 (12.98%) Active: 8 Started: 8 Finished: 0
2025-12-10 15:08:00,030 INFO o.a.j.r.Summariser: summary =    878 in 00:01:03 =   14.0/s Avg:   318 Min:    19 Max: 10050 Err:    71 (8.09%)
2025-12-10 15:08:30,042 INFO o.a.j.r.Summariser: summary +    948 in 00:00:30 =   31.6/s Avg:    68 Min:    18 Max: 10019 Err:     1 (0.11%) Active: 8 Started: 8 Finished: 0
2025-12-10 15:08:30,044 INFO o.a.j.r.Summariser: summary =   1826 in 00:01:33 =   19.7/s Avg:   188 Min:    18 Max: 10050 Err:    72 (3.94%)
2025-12-10 15:09:00,269 INFO o.a.j.r.Summariser: summary +   1053 in 00:00:30 =   34.8/s Avg:    30 Min:    18 Max:   170 Err:     0 (0.00%) Active: 8 Started: 8 Finished: 0
2025-12-10 15:09:00,270 INFO o.a.j.r.Summariser: summary =   2879 in 00:02:03 =   23.4/s Avg:   130 Min:    18 Max: 10050 Err:    72 (2.50%)
2025-12-10 15:09:30,109 INFO o.a.j.r.Summariser: summary +   1047 in 00:00:30 =   35.1/s Avg:    29 Min:    20 Max:   108 Err:     0 (0.00%) Active: 8 Started: 8 Finished: 0
2025-12-10 15:09:30,111 INFO o.a.j.r.Summariser: summary =   3926 in 00:02:33 =   25.7/s Avg:   103 Min:    18 Max: 10050 Err:    72 (1.83%)
2025-12-10 15:10:00,026 INFO o.a.j.r.Summariser: summary +    945 in 00:00:30 =   31.6/s Avg:    58 Min:    19 Max:  4180 Err:     3 (0.32%) Active: 8 Started: 8 Finished: 0
2025-12-10 15:10:00,030 INFO o.a.j.r.Summariser: summary =   4871 in 00:03:03 =   26.6/s Avg:    94 Min:    18 Max: 10050 Err:    75 (1.54%)
2025-12-10 15:10:31,255 INFO o.a.j.r.Summariser: summary +    630 in 00:00:31 =   20.2/s Avg:   149 Min:    19 Max: 10083 Err:    19 (3.02%) Active: 8 Started: 8 Finished: 0
2025-12-10 15:10:31,257 INFO o.a.j.r.Summariser: summary =   5501 in 00:03:34 =   25.7/s Avg:   101 Min:    18 Max: 10083 Err:    94 (1.71%)
2025-12-10 15:11:00,029 INFO o.a.j.r.Summariser: summary +    838 in 00:00:29 =   29.1/s Avg:   120 Min:    18 Max: 10027 Err:    12 (1.43%) Active: 8 Started: 8 Finished: 0
2025-12-10 15:11:00,030 INFO o.a.j.r.Summariser: summary =   6339 in 00:04:03 =   26.1/s Avg:   103 Min:    18 Max: 10083 Err:   106 (1.67%)
2025-12-10 15:11:30,010 INFO o.a.j.r.Summariser: summary +    393 in 00:00:30 =   13.1/s Avg:   356 Min:    19 Max: 10025 Err:    26 (6.62%) Active: 8 Started: 8 Finished: 0
2025-12-10 15:11:30,011 INFO o.a.j.r.Summariser: summary =   6732 in 00:04:33 =   24.7/s Avg:   118 Min:    18 Max: 10083 Err:   132 (1.96%)
2025-12-10 15:12:00,001 INFO o.a.j.r.Summariser: summary +   1008 in 00:00:30 =   33.6/s Avg:    55 Min:    19 Max:  6191 Err:     1 (0.10%) Active: 8 Started: 8 Finished: 0
2025-12-10 15:12:00,003 INFO o.a.j.r.Summariser: summary =   7740 in 00:05:03 =   25.6/s Avg:   110 Min:    18 Max: 10083 Err:   133 (1.72%)
2025-12-10 15:12:33,431 INFO o.a.j.r.Summariser: summary +    693 in 00:00:33 =   20.7/s Avg:   138 Min:    20 Max: 10027 Err:    18 (2.60%) Active: 8 Started: 8 Finished: 0
2025-12-10 15:12:33,434 INFO o.a.j.r.Summariser: summary =   8433 in 00:05:36 =   25.1/s Avg:   112 Min:    18 Max: 10083 Err:   151 (1.79%)
2025-12-10 15:13:00,004 INFO o.a.j.r.Summariser: summary +    762 in 00:00:27 =   28.7/s Avg:   132 Min:    21 Max: 10049 Err:     7 (0.92%) Active: 8 Started: 8 Finished: 0
2025-12-10 15:13:00,006 INFO o.a.j.r.Summariser: summary =   9195 in 00:06:03 =   25.3/s Avg:   114 Min:    18 Max: 10083 Err:   158 (1.72%)
2025-12-10 15:13:30,446 INFO o.a.j.r.Summariser: summary +   1054 in 00:00:30 =   34.6/s Avg:    30 Min:    20 Max:   151 Err:     0 (0.00%) Active: 8 Started: 8 Finished: 0
2025-12-10 15:13:30,449 INFO o.a.j.r.Summariser: summary =  10249 in 00:06:33 =   26.1/s Avg:   105 Min:    18 Max: 10083 Err:   158 (1.54%)
2025-12-10 15:14:00,414 INFO o.a.j.r.Summariser: summary +   1045 in 00:00:30 =   34.9/s Avg:    29 Min:    19 Max:    52 Err:     0 (0.00%) Active: 8 Started: 8 Finished: 0
2025-12-10 15:14:00,416 INFO o.a.j.r.Summariser: summary =  11294 in 00:07:03 =   26.7/s Avg:    98 Min:    18 Max: 10083 Err:   158 (1.40%)
2025-12-10 15:14:30,005 INFO o.a.j.r.Summariser: summary +    376 in 00:00:30 =   12.7/s Avg:   432 Min:    20 Max: 10028 Err:    29 (7.71%) Active: 8 Started: 8 Finished: 0
2025-12-10 15:14:30,007 INFO o.a.j.r.Summariser: summary =  11670 in 00:07:33 =   25.8/s Avg:   109 Min:    18 Max: 10083 Err:   187 (1.60%)
2025-12-10 15:15:00,005 INFO o.a.j.r.Summariser: summary +   1070 in 00:00:30 =   35.7/s Avg:    29 Min:    19 Max:    75 Err:     0 (0.00%) Active: 8 Started: 8 Finished: 0
2025-12-10 15:15:00,008 INFO o.a.j.r.Summariser: summary =  12740 in 00:08:03 =   26.4/s Avg:   102 Min:    18 Max: 10083 Err:   187 (1.47%)
2025-12-10 15:15:30,003 INFO o.a.j.r.Summariser: summary +    286 in 00:00:30 =    9.5/s Avg:   621 Min:    19 Max: 10023 Err:    37 (12.94%) Active: 8 Started: 8 Finished: 0
2025-12-10 15:15:30,005 INFO o.a.j.r.Summariser: summary =  13026 in 00:08:33 =   25.4/s Avg:   114 Min:    18 Max: 10083 Err:   224 (1.72%)
2025-12-10 15:16:00,008 INFO o.a.j.r.Summariser: summary +   1041 in 00:00:30 =   34.7/s Avg:    29 Min:    18 Max:    99 Err:     0 (0.00%) Active: 8 Started: 8 Finished: 0
2025-12-10 15:16:00,017 INFO o.a.j.r.Summariser: summary =  14067 in 00:09:03 =   25.9/s Avg:   107 Min:    18 Max: 10083 Err:   224 (1.59%)
2025-12-10 15:16:30,006 INFO o.a.j.r.Summariser: summary +   1060 in 00:00:30 =   35.3/s Avg:    29 Min:    18 Max:    78 Err:     0 (0.00%) Active: 8 Started: 8 Finished: 0
2025-12-10 15:16:30,008 INFO o.a.j.r.Summariser: summary =  15127 in 00:09:33 =   26.4/s Avg:   102 Min:    18 Max: 10083 Err:   224 (1.48%)
2025-12-10 15:17:00,008 INFO o.a.j.r.Summariser: summary +   1054 in 00:00:30 =   35.1/s Avg:    30 Min:    18 Max:    78 Err:     0 (0.00%) Active: 8 Started: 8 Finished: 0
2025-12-10 15:17:00,012 INFO o.a.j.r.Summariser: summary =  16181 in 00:10:03 =   26.8/s Avg:    97 Min:    18 Max: 10083 Err:   224 (1.38%)
2025-12-10 15:17:30,004 INFO o.a.j.r.Summariser: summary +   1058 in 00:00:30 =   35.3/s Avg:    29 Min:    18 Max:    72 Err:     0 (0.00%) Active: 8 Started: 8 Finished: 0
2025-12-10 15:17:30,005 INFO o.a.j.r.Summariser: summary =  17239 in 00:10:33 =   27.2/s Avg:    93 Min:    18 Max: 10083 Err:   224 (1.30%)
2025-12-10 15:17:55,338 INFO o.a.j.t.JMeterThread: Thread finished: Thread Group 1-3
2025-12-10 15:17:55,352 INFO o.a.j.t.JMeterThread: Thread finished: Thread Group 1-6
2025-12-10 15:17:55,394 INFO o.a.j.t.JMeterThread: Thread finished: Thread Group 1-4
2025-12-10 15:17:55,490 INFO o.a.j.t.JMeterThread: Thread finished: Thread Group 1-2
2025-12-10 15:17:56,094 INFO o.a.j.t.JMeterThread: Thread finished: Thread Group 1-7
2025-12-10 15:17:56,113 INFO o.a.j.t.JMeterThread: Thread finished: Thread Group 1-5
2025-12-10 15:17:56,168 INFO o.a.j.t.JMeterThread: Thread finished: Thread Group 1-1
2025-12-10 15:17:57,356 INFO o.a.j.t.JMeterThread: Stopping because end time detected by thread: Thread Group 1-8
2025-12-10 15:17:57,358 INFO o.a.j.t.JMeterThread: Thread finished: Thread Group 1-8
2025-12-10 15:17:57,360 INFO o.a.j.e.StandardJMeterEngine: Notifying test listeners of end of test
2025-12-10 15:17:57,361 INFO o.a.j.s.FileServer: Close: hosts.csv@685886982
2025-12-10 15:17:57,362 INFO o.a.j.s.FileServer: Close: hosts.csv@519348876
2025-12-10 15:17:57,363 INFO o.a.j.s.FileServer: Close: Airports2.csv
2025-12-10 15:17:57,364 INFO o.a.j.s.FileServer: Close: hosts.csv@1267751951
2025-12-10 15:17:57,365 INFO o.a.j.s.FileServer: Close: hosts.csv@717549361
2025-12-10 15:17:57,365 INFO o.a.j.s.FileServer: Close: Airports.csv
2025-12-10 15:17:57,366 INFO o.a.j.s.FileServer: Close: hosts.csv@1454975697
2025-12-10 15:17:57,367 INFO o.a.j.s.FileServer: Close: hosts.csv@740501787
2025-12-10 15:17:57,368 INFO o.a.j.s.FileServer: Close: hosts.csv@131768066
2025-12-10 15:17:57,369 INFO o.a.j.s.FileServer: Close: hosts.csv@1286680041
2025-12-10 15:17:57,375 INFO o.a.j.r.Summariser: summary +    946 in 00:00:27 =   34.6/s Avg:    29 Min:    18 Max:    89 Err:     0 (0.00%) Active: 0 Started: 8 Finished: 8
2025-12-10 15:17:57,376 INFO o.a.j.r.Summariser: summary =  18185 in 00:11:00 =   27.5/s Avg:    90 Min:    18 Max: 10083 Err:   224 (1.23%)
