2025-12-10 14:49:33,344 INFO o.a.j.u.JMeterUtils: Setting Locale to en_EN
2025-12-10 14:49:33,366 INFO o.a.j.JMeter: Loading user properties from: /var/lib/apache-jmeter-5.4.3/bin/user.properties
2025-12-10 14:49:33,368 INFO o.a.j.JMeter: Loading system properties from: /var/lib/apache-jmeter-5.4.3/bin/system.properties
2025-12-10 14:49:33,370 INFO o.a.j.JMeter: Setting JMeter property: jmeter.save.saveservice.output_format=csv
2025-12-10 14:49:33,370 INFO o.a.j.JMeter: Setting JMeter property: NUM_THREAD=8
2025-12-10 14:49:33,371 INFO o.a.j.JMeter: Setting JMeter property: DURATION=660
2025-12-10 14:49:33,371 INFO o.a.j.JMeter: Setting System property: usePureIDs=true
2025-12-10 14:49:33,372 INFO o.a.j.JMeter: Setting System property: acmeair.healthcheck.enabled=true
2025-12-10 14:49:33,372 INFO o.a.j.JMeter: Setting System property: acmeair.healthcheck.path=/health
2025-12-10 14:49:33,373 INFO o.a.j.JMeter: Setting System property: acmeair.healthcheck.timeout=5000
2025-12-10 14:49:33,373 INFO o.a.j.JMeter: Setting System property: acmeair.circuitbreaker.threshold=10
2025-12-10 14:49:33,373 INFO o.a.j.JMeter: Setting System property: acmeair.circuitbreaker.resettime=30000
2025-12-10 14:49:33,374 INFO o.a.j.JMeter: Setting System property: acmeair.verbose=false
2025-12-10 14:49:33,378 INFO o.a.j.JMeter: Copyright (c) 1998-2021 The Apache Software Foundation
2025-12-10 14:49:33,378 INFO o.a.j.JMeter: Version 5.4.3
2025-12-10 14:49:33,379 INFO o.a.j.JMeter: java.version=17.0.17
2025-12-10 14:49:33,380 INFO o.a.j.JMeter: java.vm.name=OpenJDK 64-Bit Server VM
2025-12-10 14:49:33,380 INFO o.a.j.JMeter: os.name=Linux
2025-12-10 14:49:33,381 INFO o.a.j.JMeter: os.arch=aarch64
2025-12-10 14:49:33,381 INFO o.a.j.JMeter: os.version=5.15.49-linuxkit
2025-12-10 14:49:33,382 INFO o.a.j.JMeter: file.encoding=ANSI_X3.4-1968
2025-12-10 14:49:33,382 INFO o.a.j.JMeter: java.awt.headless=true
2025-12-10 14:49:33,383 INFO o.a.j.JMeter: Max memory     =1073741824
2025-12-10 14:49:33,383 INFO o.a.j.JMeter: Available Processors =4
2025-12-10 14:49:33,390 INFO o.a.j.JMeter: Default Locale=English (EN)
2025-12-10 14:49:33,391 INFO o.a.j.JMeter: JMeter  Locale=English (EN)
2025-12-10 14:49:33,391 INFO o.a.j.JMeter: JMeterHome=/var/lib/apache-jmeter-5.4.3
2025-12-10 14:49:33,392 INFO o.a.j.JMeter: user.dir  =/var/workload/acmeair-nodejs
2025-12-10 14:49:33,393 INFO o.a.j.JMeter: PWD       =/var/workload/acmeair-nodejs
2025-12-10 14:49:33,394 INFO o.a.j.JMeter: IP: 172.17.0.2 Name: 8945cd0f1d4c FullName: 8945cd0f1d4c
2025-12-10 14:49:33,410 INFO o.a.j.s.FileServer: Default base='/var/workload/acmeair-nodejs'
2025-12-10 14:49:33,419 INFO o.a.j.s.FileServer: Set new base='/var/workload/acmeair-nodejs'
2025-12-10 14:49:33,648 INFO o.a.j.s.SaveService: Testplan (JMX) version: 2.2. Testlog (JTL) version: 2.2
2025-12-10 14:49:33,671 INFO o.a.j.s.SaveService: Using SaveService properties version 5.0
2025-12-10 14:49:33,674 INFO o.a.j.s.SaveService: Using SaveService properties file encoding UTF-8
2025-12-10 14:49:33,676 INFO o.a.j.s.SaveService: Loading file: AcmeAir.jmx
2025-12-10 14:49:33,722 INFO o.a.j.p.h.c.CookieManager: Settings: Delete null: true Check: true Allow variable: true Save: false Prefix: COOKIE_
2025-12-10 14:49:33,732 ERROR o.a.j.p.h.s.HTTPSamplerBase: Cannot find .className property for htmlParser, ensure you set property: 'htmlParser.className'
2025-12-10 14:49:33,733 INFO o.a.j.p.h.s.HTTPSamplerBase: Parser for text/vnd.wap.wml is org.apache.jmeter.protocol.http.parser.RegexpHTMLParser
2025-12-10 14:49:33,773 INFO o.a.j.JMeter: Creating summariser <summary>
2025-12-10 14:49:33,777 INFO o.a.j.e.StandardJMeterEngine: Running the test!
2025-12-10 14:49:33,778 INFO o.a.j.s.SampleEvent: List of sample_variables: [FLIGHTTOCOUNT, FLIGHTRETCOUNT, ONEWAY, SERVICE_AVAILABLE, CONSECUTIVE_FAILURES, LAST_RECOVERY_TIME_MS, TOTAL_OUTAGES, CURRENT_OUTAGE_DURATION_MS]
2025-12-10 14:49:33,779 INFO o.a.j.s.SampleEvent: List of sample_variables: [FLIGHTTOCOUNT, FLIGHTRETCOUNT, ONEWAY, SERVICE_AVAILABLE, CONSECUTIVE_FAILURES, LAST_RECOVERY_TIME_MS, TOTAL_OUTAGES, CURRENT_OUTAGE_DURATION_MS]
2025-12-10 14:49:33,784 INFO o.a.j.e.u.CompoundVariable: Note: Function class names must contain the string: '.functions.'
2025-12-10 14:49:33,785 INFO o.a.j.e.u.CompoundVariable: Note: Function class names must not contain the string: '.gui.'
2025-12-10 14:49:33,839 INFO o.a.j.JMeter: Running test (1765378173839)
2025-12-10 14:49:33,873 INFO o.a.j.e.StandardJMeterEngine: Starting ThreadGroup: 1 : Thread Group
2025-12-10 14:49:33,874 INFO o.a.j.e.StandardJMeterEngine: Starting 8 threads for group Thread Group.
2025-12-10 14:49:33,875 INFO o.a.j.e.StandardJMeterEngine: Thread will continue on error
2025-12-10 14:49:33,875 INFO o.a.j.t.ThreadGroup: Starting thread group... number=1 threads=8 ramp-up=10 delayedStart=false
2025-12-10 14:49:33,883 INFO o.a.j.t.JMeterThread: Thread started: Thread Group 1-1
2025-12-10 14:49:33,885 INFO o.a.j.s.FileServer: Stored: hosts.csv Alias: hosts.csv@1964995043
2025-12-10 14:49:33,894 INFO o.a.j.t.ThreadGroup: Started thread group number 1
2025-12-10 14:49:33,895 INFO o.a.j.e.StandardJMeterEngine: All thread groups have been started
2025-12-10 14:49:33,899 WARN o.a.j.p.h.s.HTTPHCAbstractImpl: You're using property 'httpclient.timeout' that will soon be deprecated for HttpClient3.1, you should either set timeout in HTTP Request GUI, HTTP Request Defaults or set http.socket.timeout in httpclient.parameters
2025-12-10 14:49:33,901 INFO o.a.j.p.h.s.HTTPHCAbstractImpl: Local host = 8945cd0f1d4c
2025-12-10 14:49:33,908 INFO o.a.j.p.h.s.HTTPHC4Impl: HTTP request retry count = 0
2025-12-10 14:49:33,910 INFO o.a.j.s.SampleResult: Note: Sample TimeStamps are START times
2025-12-10 14:49:33,911 INFO o.a.j.s.SampleResult: sampleresult.default.encoding is set to ISO-8859-1
2025-12-10 14:49:33,912 INFO o.a.j.s.SampleResult: sampleresult.useNanoTime=true
2025-12-10 14:49:33,912 INFO o.a.j.s.SampleResult: sampleresult.nanoThreadSleep=5000
2025-12-10 14:49:34,162 INFO o.a.j.r.Summariser: summary +      1 in 00:00:00 =    3.1/s Avg:   221 Min:   221 Max:   221 Err:     0 (0.00%) Active: 1 Started: 1 Finished: 0
2025-12-10 14:49:34,164 INFO o.a.j.s.FileServer: Stored: Airports2.csv
2025-12-10 14:49:34,164 INFO o.a.j.s.FileServer: Stored: Airports.csv
2025-12-10 14:49:35,130 INFO o.a.j.t.JMeterThread: Thread started: Thread Group 1-2
2025-12-10 14:49:35,131 INFO o.a.j.s.FileServer: Stored: hosts.csv Alias: hosts.csv@283380865
2025-12-10 14:49:36,379 INFO o.a.j.t.JMeterThread: Thread started: Thread Group 1-3
2025-12-10 14:49:36,384 INFO o.a.j.s.FileServer: Stored: hosts.csv Alias: hosts.csv@842196991
2025-12-10 14:49:37,630 INFO o.a.j.t.JMeterThread: Thread started: Thread Group 1-4
2025-12-10 14:49:37,633 INFO o.a.j.s.FileServer: Stored: hosts.csv Alias: hosts.csv@2017698863
2025-12-10 14:49:38,884 INFO o.a.j.t.JMeterThread: Thread started: Thread Group 1-5
2025-12-10 14:49:38,886 INFO o.a.j.s.FileServer: Stored: hosts.csv Alias: hosts.csv@1334121213
2025-12-10 14:49:40,132 INFO o.a.j.t.JMeterThread: Thread started: Thread Group 1-6
2025-12-10 14:49:40,134 INFO o.a.j.s.FileServer: Stored: hosts.csv Alias: hosts.csv@171124619
2025-12-10 14:49:41,381 INFO o.a.j.t.JMeterThread: Thread started: Thread Group 1-7
2025-12-10 14:49:41,382 INFO o.a.j.s.FileServer: Stored: hosts.csv Alias: hosts.csv@172244406
2025-12-10 14:49:42,629 INFO o.a.j.t.JMeterThread: Thread started: Thread Group 1-8
2025-12-10 14:49:42,630 INFO o.a.j.s.FileServer: Stored: hosts.csv Alias: hosts.csv@386199703
2025-12-10 14:50:00,007 INFO o.a.j.r.Summariser: summary +    781 in 00:00:26 =   30.2/s Avg:    32 Min:    19 Max:    97 Err:     0 (0.00%) Active: 8 Started: 8 Finished: 0
2025-12-10 14:50:00,009 INFO o.a.j.r.Summariser: summary =    782 in 00:00:26 =   29.9/s Avg:    32 Min:    19 Max:   221 Err:     0 (0.00%)
2025-12-10 14:50:30,013 INFO o.a.j.r.Summariser: summary +   1010 in 00:00:30 =   33.7/s Avg:    40 Min:    20 Max: 10020 Err:     1 (0.10%) Active: 8 Started: 8 Finished: 0
2025-12-10 14:50:30,015 INFO o.a.j.r.Summariser: summary =   1792 in 00:00:56 =   31.9/s Avg:    37 Min:    19 Max: 10020 Err:     1 (0.06%)
2025-12-10 14:51:00,021 INFO o.a.j.r.Summariser: summary +   1051 in 00:00:30 =   35.0/s Avg:    30 Min:    20 Max:    82 Err:     0 (0.00%) Active: 8 Started: 8 Finished: 0
2025-12-10 14:51:00,022 INFO o.a.j.r.Summariser: summary =   2843 in 00:01:26 =   33.0/s Avg:    34 Min:    19 Max: 10020 Err:     1 (0.04%)
2025-12-10 14:51:30,679 INFO o.a.j.r.Summariser: summary +   1007 in 00:00:31 =   32.8/s Avg:    30 Min:    19 Max:    64 Err:     0 (0.00%) Active: 8 Started: 8 Finished: 0
2025-12-10 14:51:30,681 INFO o.a.j.r.Summariser: summary =   3850 in 00:01:57 =   33.0/s Avg:    33 Min:    19 Max: 10020 Err:     1 (0.03%)
2025-12-10 14:52:00,009 INFO o.a.j.r.Summariser: summary +     83 in 00:00:29 =    2.8/s Avg:  2687 Min:    20 Max: 10025 Err:    56 (67.47%) Active: 8 Started: 8 Finished: 0
2025-12-10 14:52:00,011 INFO o.a.j.r.Summariser: summary =   3933 in 00:02:26 =   26.9/s Avg:    89 Min:    19 Max: 10025 Err:    57 (1.45%)
2025-12-10 14:52:30,819 INFO o.a.j.r.Summariser: summary +    742 in 00:00:31 =   24.1/s Avg:    71 Min:    20 Max:  5026 Err:     7 (0.94%) Active: 8 Started: 8 Finished: 0
2025-12-10 14:52:30,821 INFO o.a.j.r.Summariser: summary =   4675 in 00:02:57 =   26.4/s Avg:    86 Min:    19 Max: 10025 Err:    64 (1.37%)
2025-12-10 14:53:00,707 INFO o.a.j.r.Summariser: summary +    745 in 00:00:30 =   24.9/s Avg:   188 Min:    18 Max: 10028 Err:    33 (4.43%) Active: 8 Started: 8 Finished: 0
2025-12-10 14:53:00,711 INFO o.a.j.r.Summariser: summary =   5420 in 00:03:27 =   26.2/s Avg:   100 Min:    18 Max: 10028 Err:    97 (1.79%)
2025-12-10 14:53:30,524 INFO o.a.j.r.Summariser: summary +   1049 in 00:00:30 =   35.2/s Avg:    30 Min:    18 Max:    95 Err:     0 (0.00%) Active: 8 Started: 8 Finished: 0
2025-12-10 14:53:30,526 INFO o.a.j.r.Summariser: summary =   6469 in 00:03:57 =   27.3/s Avg:    89 Min:    18 Max: 10028 Err:    97 (1.50%)
2025-12-10 14:54:00,514 INFO o.a.j.r.Summariser: summary +   1053 in 00:00:30 =   35.1/s Avg:    29 Min:    20 Max:    61 Err:     0 (0.00%) Active: 8 Started: 8 Finished: 0
2025-12-10 14:54:00,517 INFO o.a.j.r.Summariser: summary =   7522 in 00:04:27 =   28.2/s Avg:    80 Min:    18 Max: 10028 Err:    97 (1.29%)
2025-12-10 14:54:30,921 INFO o.a.j.r.Summariser: summary +    393 in 00:00:30 =   12.9/s Avg:   347 Min:    19 Max:  5078 Err:    25 (6.36%) Active: 8 Started: 8 Finished: 0
2025-12-10 14:54:30,933 INFO o.a.j.r.Summariser: summary =   7915 in 00:04:57 =   26.6/s Avg:    94 Min:    18 Max: 10028 Err:   122 (1.54%)
2025-12-10 14:55:01,231 INFO o.a.j.r.Summariser: summary +    856 in 00:00:30 =   28.2/s Avg:    71 Min:    20 Max:  5031 Err:    44 (5.14%) Active: 8 Started: 8 Finished: 0
2025-12-10 14:55:01,233 INFO o.a.j.r.Summariser: summary =   8771 in 00:05:27 =   26.8/s Avg:    91 Min:    18 Max: 10028 Err:   166 (1.89%)
2025-12-10 14:55:30,923 INFO o.a.j.r.Summariser: summary +     93 in 00:00:30 =    3.1/s Avg:  2535 Min:    20 Max: 10031 Err:    70 (75.27%) Active: 8 Started: 8 Finished: 0
2025-12-10 14:55:30,927 INFO o.a.j.r.Summariser: summary =   8864 in 00:05:57 =   24.8/s Avg:   117 Min:    18 Max: 10031 Err:   236 (2.66%)
2025-12-10 14:56:00,044 INFO o.a.j.r.Summariser: summary +   1021 in 00:00:29 =   35.1/s Avg:    54 Min:    19 Max:  9280 Err:     9 (0.88%) Active: 8 Started: 8 Finished: 0
2025-12-10 14:56:00,045 INFO o.a.j.r.Summariser: summary =   9885 in 00:06:26 =   25.6/s Avg:   111 Min:    18 Max: 10031 Err:   245 (2.48%)
2025-12-10 14:56:30,026 INFO o.a.j.r.Summariser: summary +   1041 in 00:00:30 =   34.7/s Avg:    29 Min:    19 Max:    59 Err:     0 (0.00%) Active: 8 Started: 8 Finished: 0
2025-12-10 14:56:30,029 INFO o.a.j.r.Summariser: summary =  10926 in 00:06:56 =   26.3/s Avg:   103 Min:    18 Max: 10031 Err:   245 (2.24%)
2025-12-10 14:57:00,046 INFO o.a.j.r.Summariser: summary +   1040 in 00:00:30 =   34.7/s Avg:    29 Min:    20 Max:    54 Err:     0 (0.00%) Active: 8 Started: 8 Finished: 0
2025-12-10 14:57:00,055 INFO o.a.j.r.Summariser: summary =  11966 in 00:07:26 =   26.8/s Avg:    96 Min:    18 Max: 10031 Err:   245 (2.05%)
2025-12-10 14:57:30,345 INFO o.a.j.r.Summariser: summary +   1057 in 00:00:30 =   34.9/s Avg:    33 Min:    19 Max:   177 Err:     0 (0.00%) Active: 8 Started: 8 Finished: 0
2025-12-10 14:57:30,350 INFO o.a.j.r.Summariser: summary =  13023 in 00:07:56 =   27.3/s Avg:    91 Min:    18 Max: 10031 Err:   245 (1.88%)
2025-12-10 14:58:00,226 INFO o.a.j.r.Summariser: summary +   1051 in 00:00:30 =   35.2/s Avg:    29 Min:    19 Max:    66 Err:     0 (0.00%) Active: 8 Started: 8 Finished: 0
2025-12-10 14:58:00,227 INFO o.a.j.r.Summariser: summary =  14074 in 00:08:26 =   27.8/s Avg:    87 Min:    18 Max: 10031 Err:   245 (1.74%)
2025-12-10 14:58:34,040 INFO o.a.j.r.Summariser: summary +    688 in 00:00:34 =   20.3/s Avg:   146 Min:    18 Max: 10028 Err:    20 (2.91%) Active: 8 Started: 8 Finished: 0
2025-12-10 14:58:34,046 INFO o.a.j.r.Summariser: summary =  14762 in 00:09:00 =   27.3/s Avg:    89 Min:    18 Max: 10031 Err:   265 (1.80%)
2025-12-10 14:59:00,026 INFO o.a.j.r.Summariser: summary +    767 in 00:00:26 =   29.5/s Avg:   122 Min:    19 Max: 10027 Err:    15 (1.96%) Active: 8 Started: 8 Finished: 0
2025-12-10 14:59:00,028 INFO o.a.j.r.Summariser: summary =  15529 in 00:09:26 =   27.4/s Avg:    91 Min:    18 Max: 10031 Err:   280 (1.80%)
2025-12-10 14:59:30,500 INFO o.a.j.r.Summariser: summary +    358 in 00:00:30 =   11.7/s Avg:   463 Min:    18 Max:  5066 Err:    54 (15.08%) Active: 8 Started: 8 Finished: 0
2025-12-10 14:59:30,505 INFO o.a.j.r.Summariser: summary =  15887 in 00:09:57 =   26.6/s Avg:    99 Min:    18 Max: 10031 Err:   334 (2.10%)
2025-12-10 15:00:00,336 INFO o.a.j.r.Summariser: summary +   1048 in 00:00:30 =   35.1/s Avg:    29 Min:    18 Max:    71 Err:     0 (0.00%) Active: 8 Started: 8 Finished: 0
2025-12-10 15:00:00,338 INFO o.a.j.r.Summariser: summary =  16935 in 00:10:26 =   27.0/s Avg:    95 Min:    18 Max: 10031 Err:   334 (1.97%)
2025-12-10 15:00:30,213 INFO o.a.j.r.Summariser: summary +   1052 in 00:00:30 =   35.2/s Avg:    29 Min:    19 Max:    60 Err:     0 (0.00%) Active: 8 Started: 8 Finished: 0
2025-12-10 15:00:30,220 INFO o.a.j.r.Summariser: summary =  17987 in 00:10:56 =   27.4/s Avg:    91 Min:    18 Max: 10031 Err:   334 (1.86%)
2025-12-10 15:00:32,767 INFO o.a.j.t.JMeterThread: Thread finished: Thread Group 1-7
2025-12-10 15:00:32,787 INFO o.a.j.t.JMeterThread: Thread finished: Thread Group 1-3
2025-12-10 15:00:32,788 INFO o.a.j.t.JMeterThread: Thread finished: Thread Group 1-5
2025-12-10 15:00:32,872 INFO o.a.j.t.JMeterThread: Thread finished: Thread Group 1-4
2025-12-10 15:00:33,410 INFO o.a.j.t.JMeterThread: Thread finished: Thread Group 1-1
2025-12-10 15:00:33,455 INFO o.a.j.t.JMeterThread: Thread finished: Thread Group 1-8
2025-12-10 15:00:33,522 INFO o.a.j.t.JMeterThread: Thread finished: Thread Group 1-6
2025-12-10 15:00:33,631 INFO o.a.j.t.JMeterThread: Thread finished: Thread Group 1-2
2025-12-10 15:00:33,632 INFO o.a.j.e.StandardJMeterEngine: Notifying test listeners of end of test
2025-12-10 15:00:33,633 INFO o.a.j.s.FileServer: Close: Airports2.csv
2025-12-10 15:00:33,634 INFO o.a.j.s.FileServer: Close: Airports.csv
2025-12-10 15:00:33,634 INFO o.a.j.s.FileServer: Close: hosts.csv@172244406
2025-12-10 15:00:33,635 INFO o.a.j.s.FileServer: Close: hosts.csv@2017698863
2025-12-10 15:00:33,635 INFO o.a.j.s.FileServer: Close: hosts.csv@171124619
2025-12-10 15:00:33,636 INFO o.a.j.s.FileServer: Close: hosts.csv@283380865
2025-12-10 15:00:33,636 INFO o.a.j.s.FileServer: Close: hosts.csv@386199703
2025-12-10 15:00:33,637 INFO o.a.j.s.FileServer: Close: hosts.csv@842196991
2025-12-10 15:00:33,637 INFO o.a.j.s.FileServer: Close: hosts.csv@1964995043
2025-12-10 15:00:33,637 INFO o.a.j.s.FileServer: Close: hosts.csv@1334121213
2025-12-10 15:00:33,639 INFO o.a.j.r.Summariser: summary +    162 in 00:00:03 =   47.3/s Avg:    28 Min:    21 Max:    41 Err:     0 (0.00%) Active: 0 Started: 8 Finished: 8
2025-12-10 15:00:33,640 INFO o.a.j.r.Summariser: summary =  18149 in 00:11:00 =   27.5/s Avg:    91 Min:    18 Max: 10031 Err:   334 (1.84%)
