2025-12-10 15:57:24,099 INFO o.a.j.u.JMeterUtils: Setting Locale to en_EN
2025-12-10 15:57:24,122 INFO o.a.j.JMeter: Loading user properties from: /var/lib/apache-jmeter-5.4.3/bin/user.properties
2025-12-10 15:57:24,123 INFO o.a.j.JMeter: Loading system properties from: /var/lib/apache-jmeter-5.4.3/bin/system.properties
2025-12-10 15:57:24,123 INFO o.a.j.JMeter: Setting JMeter property: jmeter.save.saveservice.output_format=csv
2025-12-10 15:57:24,124 INFO o.a.j.JMeter: Setting JMeter property: NUM_THREAD=8
2025-12-10 15:57:24,124 INFO o.a.j.JMeter: Setting JMeter property: DURATION=660
2025-12-10 15:57:24,125 INFO o.a.j.JMeter: Setting System property: usePureIDs=true
2025-12-10 15:57:24,125 INFO o.a.j.JMeter: Setting System property: acmeair.healthcheck.enabled=true
2025-12-10 15:57:24,126 INFO o.a.j.JMeter: Setting System property: acmeair.healthcheck.path=/health
2025-12-10 15:57:24,126 INFO o.a.j.JMeter: Setting System property: acmeair.healthcheck.timeout=5000
2025-12-10 15:57:24,127 INFO o.a.j.JMeter: Setting System property: acmeair.circuitbreaker.threshold=10
2025-12-10 15:57:24,128 INFO o.a.j.JMeter: Setting System property: acmeair.circuitbreaker.resettime=30000
2025-12-10 15:57:24,128 INFO o.a.j.JMeter: Setting System property: acmeair.verbose=false
2025-12-10 15:57:24,132 INFO o.a.j.JMeter: Copyright (c) 1998-2021 The Apache Software Foundation
2025-12-10 15:57:24,132 INFO o.a.j.JMeter: Version 5.4.3
2025-12-10 15:57:24,133 INFO o.a.j.JMeter: java.version=17.0.17
2025-12-10 15:57:24,133 INFO o.a.j.JMeter: java.vm.name=OpenJDK 64-Bit Server VM
2025-12-10 15:57:24,134 INFO o.a.j.JMeter: os.name=Linux
2025-12-10 15:57:24,134 INFO o.a.j.JMeter: os.arch=aarch64
2025-12-10 15:57:24,135 INFO o.a.j.JMeter: os.version=5.15.49-linuxkit
2025-12-10 15:57:24,135 INFO o.a.j.JMeter: file.encoding=ANSI_X3.4-1968
2025-12-10 15:57:24,136 INFO o.a.j.JMeter: java.awt.headless=true
2025-12-10 15:57:24,136 INFO o.a.j.JMeter: Max memory     =1073741824
2025-12-10 15:57:24,137 INFO o.a.j.JMeter: Available Processors =4
2025-12-10 15:57:24,144 INFO o.a.j.JMeter: Default Locale=English (EN)
2025-12-10 15:57:24,145 INFO o.a.j.JMeter: JMeter  Locale=English (EN)
2025-12-10 15:57:24,146 INFO o.a.j.JMeter: JMeterHome=/var/lib/apache-jmeter-5.4.3
2025-12-10 15:57:24,146 INFO o.a.j.JMeter: user.dir  =/var/workload/acmeair-nodejs
2025-12-10 15:57:24,147 INFO o.a.j.JMeter: PWD       =/var/workload/acmeair-nodejs
2025-12-10 15:57:24,147 INFO o.a.j.JMeter: IP: 172.17.0.2 Name: 291b6dbfe79d FullName: 291b6dbfe79d
2025-12-10 15:57:24,151 INFO o.a.j.s.FileServer: Default base='/var/workload/acmeair-nodejs'
2025-12-10 15:57:24,152 INFO o.a.j.s.FileServer: Set new base='/var/workload/acmeair-nodejs'
2025-12-10 15:57:24,332 INFO o.a.j.s.SaveService: Testplan (JMX) version: 2.2. Testlog (JTL) version: 2.2
2025-12-10 15:57:24,350 INFO o.a.j.s.SaveService: Using SaveService properties version 5.0
2025-12-10 15:57:24,352 INFO o.a.j.s.SaveService: Using SaveService properties file encoding UTF-8
2025-12-10 15:57:24,358 INFO o.a.j.s.SaveService: Loading file: AcmeAir.jmx
2025-12-10 15:57:24,396 INFO o.a.j.p.h.c.CookieManager: Settings: Delete null: true Check: true Allow variable: true Save: false Prefix: COOKIE_
2025-12-10 15:57:24,404 ERROR o.a.j.p.h.s.HTTPSamplerBase: Cannot find .className property for htmlParser, ensure you set property: 'htmlParser.className'
2025-12-10 15:57:24,405 INFO o.a.j.p.h.s.HTTPSamplerBase: Parser for text/vnd.wap.wml is org.apache.jmeter.protocol.http.parser.RegexpHTMLParser
2025-12-10 15:57:24,431 INFO o.a.j.JMeter: Creating summariser <summary>
2025-12-10 15:57:24,435 INFO o.a.j.e.StandardJMeterEngine: Running the test!
2025-12-10 15:57:24,436 INFO o.a.j.s.SampleEvent: List of sample_variables: [FLIGHTTOCOUNT, FLIGHTRETCOUNT, ONEWAY, SERVICE_AVAILABLE, CONSECUTIVE_FAILURES, LAST_RECOVERY_TIME_MS, TOTAL_OUTAGES, CURRENT_OUTAGE_DURATION_MS]
2025-12-10 15:57:24,436 INFO o.a.j.s.SampleEvent: List of sample_variables: [FLIGHTTOCOUNT, FLIGHTRETCOUNT, ONEWAY, SERVICE_AVAILABLE, CONSECUTIVE_FAILURES, LAST_RECOVERY_TIME_MS, TOTAL_OUTAGES, CURRENT_OUTAGE_DURATION_MS]
2025-12-10 15:57:24,440 INFO o.a.j.e.u.CompoundVariable: Note: Function class names must contain the string: '.functions.'
2025-12-10 15:57:24,440 INFO o.a.j.e.u.CompoundVariable: Note: Function class names must not contain the string: '.gui.'
2025-12-10 15:57:24,495 INFO o.a.j.JMeter: Running test (1765382244495)
2025-12-10 15:57:24,576 INFO o.a.j.e.StandardJMeterEngine: Starting ThreadGroup: 1 : Thread Group
2025-12-10 15:57:24,577 INFO o.a.j.e.StandardJMeterEngine: Starting 8 threads for group Thread Group.
2025-12-10 15:57:24,577 INFO o.a.j.e.StandardJMeterEngine: Thread will continue on error
2025-12-10 15:57:24,578 INFO o.a.j.t.ThreadGroup: Starting thread group... number=1 threads=8 ramp-up=10 delayedStart=false
2025-12-10 15:57:24,588 INFO o.a.j.t.JMeterThread: Thread started: Thread Group 1-1
2025-12-10 15:57:24,590 INFO o.a.j.s.FileServer: Stored: hosts.csv Alias: hosts.csv@600751891
2025-12-10 15:57:24,600 INFO o.a.j.t.ThreadGroup: Started thread group number 1
2025-12-10 15:57:24,601 INFO o.a.j.e.StandardJMeterEngine: All thread groups have been started
2025-12-10 15:57:24,608 WARN o.a.j.p.h.s.HTTPHCAbstractImpl: You're using property 'httpclient.timeout' that will soon be deprecated for HttpClient3.1, you should either set timeout in HTTP Request GUI, HTTP Request Defaults or set http.socket.timeout in httpclient.parameters
2025-12-10 15:57:24,609 INFO o.a.j.p.h.s.HTTPHCAbstractImpl: Local host = 291b6dbfe79d
2025-12-10 15:57:24,614 INFO o.a.j.p.h.s.HTTPHC4Impl: HTTP request retry count = 0
2025-12-10 15:57:24,615 INFO o.a.j.s.SampleResult: Note: Sample TimeStamps are START times
2025-12-10 15:57:24,616 INFO o.a.j.s.SampleResult: sampleresult.default.encoding is set to ISO-8859-1
2025-12-10 15:57:24,617 INFO o.a.j.s.SampleResult: sampleresult.useNanoTime=true
2025-12-10 15:57:24,617 INFO o.a.j.s.SampleResult: sampleresult.nanoThreadSleep=5000
2025-12-10 15:57:24,896 INFO o.a.j.s.FileServer: Stored: Airports2.csv
2025-12-10 15:57:24,898 INFO o.a.j.s.FileServer: Stored: Airports.csv
2025-12-10 15:57:25,836 INFO o.a.j.t.JMeterThread: Thread started: Thread Group 1-2
2025-12-10 15:57:25,837 INFO o.a.j.s.FileServer: Stored: hosts.csv Alias: hosts.csv@1779434412
2025-12-10 15:57:27,084 INFO o.a.j.t.JMeterThread: Thread started: Thread Group 1-3
2025-12-10 15:57:27,086 INFO o.a.j.s.FileServer: Stored: hosts.csv Alias: hosts.csv@1416110003
2025-12-10 15:57:28,339 INFO o.a.j.t.JMeterThread: Thread started: Thread Group 1-4
2025-12-10 15:57:28,341 INFO o.a.j.s.FileServer: Stored: hosts.csv Alias: hosts.csv@231945148
2025-12-10 15:57:29,586 INFO o.a.j.t.JMeterThread: Thread started: Thread Group 1-5
2025-12-10 15:57:29,588 INFO o.a.j.s.FileServer: Stored: hosts.csv Alias: hosts.csv@1450365226
2025-12-10 15:57:30,700 INFO o.a.j.r.Summariser: summary +     85 in 00:00:06 =   13.7/s Avg:    39 Min:    20 Max:   236 Err:     0 (0.00%) Active: 5 Started: 5 Finished: 0
2025-12-10 15:57:30,839 INFO o.a.j.t.JMeterThread: Thread started: Thread Group 1-6
2025-12-10 15:57:30,840 INFO o.a.j.s.FileServer: Stored: hosts.csv Alias: hosts.csv@516281440
2025-12-10 15:57:32,086 INFO o.a.j.t.JMeterThread: Thread started: Thread Group 1-7
2025-12-10 15:57:32,087 INFO o.a.j.s.FileServer: Stored: hosts.csv Alias: hosts.csv@265390457
2025-12-10 15:57:33,335 INFO o.a.j.t.JMeterThread: Thread started: Thread Group 1-8
2025-12-10 15:57:33,336 INFO o.a.j.s.FileServer: Stored: hosts.csv Alias: hosts.csv@586729045
2025-12-10 15:58:00,269 INFO o.a.j.r.Summariser: summary +    998 in 00:00:30 =   33.8/s Avg:    33 Min:    19 Max:  1077 Err:     1 (0.10%) Active: 8 Started: 8 Finished: 0
2025-12-10 15:58:00,271 INFO o.a.j.r.Summariser: summary =   1083 in 00:00:36 =   30.3/s Avg:    34 Min:    19 Max:  1077 Err:     1 (0.09%)
2025-12-10 15:58:30,764 INFO o.a.j.r.Summariser: summary +    904 in 00:00:30 =   29.6/s Avg:    35 Min:    19 Max:  5011 Err:     1 (0.11%) Active: 8 Started: 8 Finished: 0
2025-12-10 15:58:30,771 INFO o.a.j.r.Summariser: summary =   1987 in 00:01:06 =   30.0/s Avg:    34 Min:    19 Max:  5011 Err:     2 (0.10%)
2025-12-10 15:59:00,017 INFO o.a.j.r.Summariser: summary +    567 in 00:00:29 =   19.4/s Avg:   281 Min:    19 Max: 10037 Err:    37 (6.53%) Active: 8 Started: 8 Finished: 0
2025-12-10 15:59:00,019 INFO o.a.j.r.Summariser: summary =   2554 in 00:01:36 =   26.7/s Avg:    89 Min:    19 Max: 10037 Err:    39 (1.53%)
2025-12-10 15:59:30,056 INFO o.a.j.r.Summariser: summary +   1058 in 00:00:30 =   35.2/s Avg:    29 Min:    19 Max:    52 Err:     0 (0.00%) Active: 8 Started: 8 Finished: 0
2025-12-10 15:59:30,058 INFO o.a.j.r.Summariser: summary =   3612 in 00:02:06 =   28.8/s Avg:    71 Min:    19 Max: 10037 Err:    39 (1.08%)
2025-12-10 16:00:00,255 INFO o.a.j.r.Summariser: summary +    359 in 00:00:30 =   11.9/s Avg:   461 Min:    21 Max: 10030 Err:    22 (6.13%) Active: 8 Started: 8 Finished: 0
2025-12-10 16:00:00,259 INFO o.a.j.r.Summariser: summary =   3971 in 00:02:36 =   25.5/s Avg:   107 Min:    19 Max: 10037 Err:    61 (1.54%)
2025-12-10 16:00:30,019 INFO o.a.j.r.Summariser: summary +   1052 in 00:00:30 =   35.3/s Avg:    28 Min:    18 Max:    60 Err:     0 (0.00%) Active: 8 Started: 8 Finished: 0
2025-12-10 16:00:30,021 INFO o.a.j.r.Summariser: summary =   5023 in 00:03:06 =   27.1/s Avg:    90 Min:    18 Max: 10037 Err:    61 (1.21%)
2025-12-10 16:01:00,671 INFO o.a.j.r.Summariser: summary +    501 in 00:00:31 =   16.3/s Avg:   267 Min:    19 Max: 10023 Err:    44 (8.78%) Active: 8 Started: 8 Finished: 0
2025-12-10 16:01:00,674 INFO o.a.j.r.Summariser: summary =   5524 in 00:03:36 =   25.6/s Avg:   106 Min:    18 Max: 10037 Err:   105 (1.90%)
2025-12-10 16:01:30,015 INFO o.a.j.r.Summariser: summary +   1009 in 00:00:29 =   34.4/s Avg:    52 Min:    19 Max:  5153 Err:     7 (0.69%) Active: 8 Started: 8 Finished: 0
2025-12-10 16:01:30,016 INFO o.a.j.r.Summariser: summary =   6533 in 00:04:06 =   26.6/s Avg:    98 Min:    18 Max: 10037 Err:   112 (1.71%)
2025-12-10 16:02:00,011 INFO o.a.j.r.Summariser: summary +    670 in 00:00:30 =   22.3/s Avg:   117 Min:    19 Max: 10030 Err:     7 (1.04%) Active: 8 Started: 8 Finished: 0
2025-12-10 16:02:00,013 INFO o.a.j.r.Summariser: summary =   7203 in 00:04:36 =   26.1/s Avg:   100 Min:    18 Max: 10037 Err:   119 (1.65%)
2025-12-10 16:02:30,247 INFO o.a.j.r.Summariser: summary +    761 in 00:00:30 =   25.2/s Avg:   147 Min:    17 Max: 10023 Err:    26 (3.42%) Active: 8 Started: 8 Finished: 0
2025-12-10 16:02:30,248 INFO o.a.j.r.Summariser: summary =   7964 in 00:05:06 =   26.0/s Avg:   104 Min:    17 Max: 10037 Err:   145 (1.82%)
2025-12-10 16:03:00,301 INFO o.a.j.r.Summariser: summary +   1050 in 00:00:30 =   34.9/s Avg:    28 Min:    18 Max:    62 Err:     0 (0.00%) Active: 8 Started: 8 Finished: 0
2025-12-10 16:03:00,303 INFO o.a.j.r.Summariser: summary =   9014 in 00:05:36 =   26.8/s Avg:    95 Min:    17 Max: 10037 Err:   145 (1.61%)
2025-12-10 16:03:30,006 INFO o.a.j.r.Summariser: summary +    452 in 00:00:30 =   15.2/s Avg:   336 Min:    20 Max: 10089 Err:    16 (3.54%) Active: 8 Started: 8 Finished: 0
2025-12-10 16:03:30,009 INFO o.a.j.r.Summariser: summary =   9466 in 00:06:06 =   25.9/s Avg:   107 Min:    17 Max: 10089 Err:   161 (1.70%)
2025-12-10 16:04:00,005 INFO o.a.j.r.Summariser: summary +    369 in 00:00:30 =   12.3/s Avg:   445 Min:    18 Max: 10061 Err:    37 (10.03%) Active: 8 Started: 8 Finished: 0
2025-12-10 16:04:00,006 INFO o.a.j.r.Summariser: summary =   9835 in 00:06:36 =   24.9/s Avg:   119 Min:    17 Max: 10089 Err:   198 (2.01%)
2025-12-10 16:04:30,002 INFO o.a.j.r.Summariser: summary +   1064 in 00:00:30 =   35.5/s Avg:    28 Min:    18 Max:    51 Err:     0 (0.00%) Active: 8 Started: 8 Finished: 0
2025-12-10 16:04:30,004 INFO o.a.j.r.Summariser: summary =  10899 in 00:07:06 =   25.6/s Avg:   110 Min:    17 Max: 10089 Err:   198 (1.82%)
2025-12-10 16:05:00,005 INFO o.a.j.r.Summariser: summary +   1061 in 00:00:30 =   35.4/s Avg:    28 Min:    18 Max:    74 Err:     0 (0.00%) Active: 8 Started: 8 Finished: 0
2025-12-10 16:05:00,007 INFO o.a.j.r.Summariser: summary =  11960 in 00:07:36 =   26.3/s Avg:   103 Min:    17 Max: 10089 Err:   198 (1.66%)
2025-12-10 16:05:30,271 INFO o.a.j.r.Summariser: summary +    963 in 00:00:30 =   31.8/s Avg:    49 Min:    19 Max:  3138 Err:     2 (0.21%) Active: 8 Started: 8 Finished: 0
2025-12-10 16:05:30,273 INFO o.a.j.r.Summariser: summary =  12923 in 00:08:06 =   26.6/s Avg:    99 Min:    17 Max: 10089 Err:   200 (1.55%)
2025-12-10 16:06:00,031 INFO o.a.j.r.Summariser: summary +    385 in 00:00:30 =   12.9/s Avg:   415 Min:    20 Max: 10055 Err:    56 (14.55%) Active: 8 Started: 8 Finished: 0
2025-12-10 16:06:00,034 INFO o.a.j.r.Summariser: summary =  13308 in 00:08:36 =   25.8/s Avg:   108 Min:    17 Max: 10089 Err:   256 (1.92%)
2025-12-10 16:06:30,034 INFO o.a.j.r.Summariser: summary +   1078 in 00:00:30 =   35.9/s Avg:    28 Min:    18 Max:    55 Err:     0 (0.00%) Active: 8 Started: 8 Finished: 0
2025-12-10 16:06:30,038 INFO o.a.j.r.Summariser: summary =  14386 in 00:09:06 =   26.4/s Avg:   102 Min:    17 Max: 10089 Err:   256 (1.78%)
2025-12-10 16:07:00,155 INFO o.a.j.r.Summariser: summary +    407 in 00:00:30 =   13.5/s Avg:   391 Min:    19 Max: 10049 Err:    24 (5.90%) Active: 8 Started: 8 Finished: 0
2025-12-10 16:07:00,158 INFO o.a.j.r.Summariser: summary =  14793 in 00:09:36 =   25.7/s Avg:   110 Min:    17 Max: 10089 Err:   280 (1.89%)
2025-12-10 16:07:30,499 INFO o.a.j.r.Summariser: summary +   1068 in 00:00:30 =   35.2/s Avg:    28 Min:    19 Max:    46 Err:     0 (0.00%) Active: 8 Started: 8 Finished: 0
2025-12-10 16:07:30,503 INFO o.a.j.r.Summariser: summary =  15861 in 00:10:06 =   26.2/s Avg:   105 Min:    17 Max: 10089 Err:   280 (1.77%)
2025-12-10 16:08:00,483 INFO o.a.j.r.Summariser: summary +   1050 in 00:00:30 =   35.0/s Avg:    29 Min:    19 Max:    66 Err:     0 (0.00%) Active: 8 Started: 8 Finished: 0
2025-12-10 16:08:00,485 INFO o.a.j.r.Summariser: summary =  16911 in 00:10:36 =   26.6/s Avg:   100 Min:    17 Max: 10089 Err:   280 (1.66%)
2025-12-10 16:08:23,724 INFO o.a.j.t.JMeterThread: Thread finished: Thread Group 1-5
2025-12-10 16:08:23,801 INFO o.a.j.t.JMeterThread: Thread finished: Thread Group 1-3
2025-12-10 16:08:23,802 INFO o.a.j.t.JMeterThread: Thread finished: Thread Group 1-7
2025-12-10 16:08:23,847 INFO o.a.j.t.JMeterThread: Thread finished: Thread Group 1-6
2025-12-10 16:08:24,313 INFO o.a.j.t.JMeterThread: Thread finished: Thread Group 1-4
2025-12-10 16:08:24,312 INFO o.a.j.t.JMeterThread: Thread finished: Thread Group 1-2
2025-12-10 16:08:24,418 INFO o.a.j.t.JMeterThread: Thread finished: Thread Group 1-1
2025-12-10 16:08:24,441 INFO o.a.j.t.JMeterThread: Thread finished: Thread Group 1-8
2025-12-10 16:08:24,443 INFO o.a.j.e.StandardJMeterEngine: Notifying test listeners of end of test
2025-12-10 16:08:24,444 INFO o.a.j.s.FileServer: Close: Airports2.csv
2025-12-10 16:08:24,444 INFO o.a.j.s.FileServer: Close: hosts.csv@231945148
2025-12-10 16:08:24,445 INFO o.a.j.s.FileServer: Close: hosts.csv@1416110003
2025-12-10 16:08:24,445 INFO o.a.j.s.FileServer: Close: hosts.csv@265390457
2025-12-10 16:08:24,446 INFO o.a.j.s.FileServer: Close: Airports.csv
2025-12-10 16:08:24,446 INFO o.a.j.s.FileServer: Close: hosts.csv@1450365226
2025-12-10 16:08:24,447 INFO o.a.j.s.FileServer: Close: hosts.csv@586729045
2025-12-10 16:08:24,447 INFO o.a.j.s.FileServer: Close: hosts.csv@1779434412
2025-12-10 16:08:24,447 INFO o.a.j.s.FileServer: Close: hosts.csv@516281440
2025-12-10 16:08:24,448 INFO o.a.j.s.FileServer: Close: hosts.csv@600751891
2025-12-10 16:08:24,450 INFO o.a.j.r.Summariser: summary +    888 in 00:00:24 =   37.1/s Avg:    29 Min:    19 Max:   164 Err:     0 (0.00%) Active: 0 Started: 8 Finished: 8
2025-12-10 16:08:24,451 INFO o.a.j.r.Summariser: summary =  17799 in 00:11:00 =   27.0/s Avg:    96 Min:    17 Max: 10089 Err:   280 (1.57%)
