2025-12-10 15:23:20,536 INFO o.a.j.u.JMeterUtils: Setting Locale to en_EN
2025-12-10 15:23:20,552 INFO o.a.j.JMeter: Loading user properties from: /var/lib/apache-jmeter-5.4.3/bin/user.properties
2025-12-10 15:23:20,553 INFO o.a.j.JMeter: Loading system properties from: /var/lib/apache-jmeter-5.4.3/bin/system.properties
2025-12-10 15:23:20,554 INFO o.a.j.JMeter: Setting JMeter property: jmeter.save.saveservice.output_format=csv
2025-12-10 15:23:20,554 INFO o.a.j.JMeter: Setting JMeter property: NUM_THREAD=8
2025-12-10 15:23:20,555 INFO o.a.j.JMeter: Setting JMeter property: DURATION=660
2025-12-10 15:23:20,555 INFO o.a.j.JMeter: Setting System property: usePureIDs=true
2025-12-10 15:23:20,556 INFO o.a.j.JMeter: Setting System property: acmeair.healthcheck.enabled=true
2025-12-10 15:23:20,556 INFO o.a.j.JMeter: Setting System property: acmeair.healthcheck.path=/health
2025-12-10 15:23:20,557 INFO o.a.j.JMeter: Setting System property: acmeair.healthcheck.timeout=5000
2025-12-10 15:23:20,557 INFO o.a.j.JMeter: Setting System property: acmeair.circuitbreaker.threshold=10
2025-12-10 15:23:20,558 INFO o.a.j.JMeter: Setting System property: acmeair.circuitbreaker.resettime=30000
2025-12-10 15:23:20,558 INFO o.a.j.JMeter: Setting System property: acmeair.verbose=false
2025-12-10 15:23:20,561 INFO o.a.j.JMeter: Copyright (c) 1998-2021 The Apache Software Foundation
2025-12-10 15:23:20,562 INFO o.a.j.JMeter: Version 5.4.3
2025-12-10 15:23:20,562 INFO o.a.j.JMeter: java.version=17.0.17
2025-12-10 15:23:20,563 INFO o.a.j.JMeter: java.vm.name=OpenJDK 64-Bit Server VM
2025-12-10 15:23:20,563 INFO o.a.j.JMeter: os.name=Linux
2025-12-10 15:23:20,564 INFO o.a.j.JMeter: os.arch=aarch64
2025-12-10 15:23:20,564 INFO o.a.j.JMeter: os.version=5.15.49-linuxkit
2025-12-10 15:23:20,565 INFO o.a.j.JMeter: file.encoding=ANSI_X3.4-1968
2025-12-10 15:23:20,565 INFO o.a.j.JMeter: java.awt.headless=true
2025-12-10 15:23:20,565 INFO o.a.j.JMeter: Max memory     =1073741824
2025-12-10 15:23:20,566 INFO o.a.j.JMeter: Available Processors =4
2025-12-10 15:23:20,574 INFO o.a.j.JMeter: Default Locale=English (EN)
2025-12-10 15:23:20,575 INFO o.a.j.JMeter: JMeter  Locale=English (EN)
2025-12-10 15:23:20,576 INFO o.a.j.JMeter: JMeterHome=/var/lib/apache-jmeter-5.4.3
2025-12-10 15:23:20,576 INFO o.a.j.JMeter: user.dir  =/var/workload/acmeair-nodejs
2025-12-10 15:23:20,577 INFO o.a.j.JMeter: PWD       =/var/workload/acmeair-nodejs
2025-12-10 15:23:20,577 INFO o.a.j.JMeter: IP: 172.17.0.2 Name: 93dbba257f64 FullName: 93dbba257f64
2025-12-10 15:23:20,581 INFO o.a.j.s.FileServer: Default base='/var/workload/acmeair-nodejs'
2025-12-10 15:23:20,583 INFO o.a.j.s.FileServer: Set new base='/var/workload/acmeair-nodejs'
2025-12-10 15:23:20,707 INFO o.a.j.s.SaveService: Testplan (JMX) version: 2.2. Testlog (JTL) version: 2.2
2025-12-10 15:23:20,737 INFO o.a.j.s.SaveService: Using SaveService properties version 5.0
2025-12-10 15:23:20,739 INFO o.a.j.s.SaveService: Using SaveService properties file encoding UTF-8
2025-12-10 15:23:20,741 INFO o.a.j.s.SaveService: Loading file: AcmeAir.jmx
2025-12-10 15:23:20,778 INFO o.a.j.p.h.c.CookieManager: Settings: Delete null: true Check: true Allow variable: true Save: false Prefix: COOKIE_
2025-12-10 15:23:20,787 ERROR o.a.j.p.h.s.HTTPSamplerBase: Cannot find .className property for htmlParser, ensure you set property: 'htmlParser.className'
2025-12-10 15:23:20,788 INFO o.a.j.p.h.s.HTTPSamplerBase: Parser for text/vnd.wap.wml is org.apache.jmeter.protocol.http.parser.RegexpHTMLParser
2025-12-10 15:23:20,818 INFO o.a.j.JMeter: Creating summariser <summary>
2025-12-10 15:23:20,821 INFO o.a.j.e.StandardJMeterEngine: Running the test!
2025-12-10 15:23:20,822 INFO o.a.j.s.SampleEvent: List of sample_variables: [FLIGHTTOCOUNT, FLIGHTRETCOUNT, ONEWAY, SERVICE_AVAILABLE, CONSECUTIVE_FAILURES, LAST_RECOVERY_TIME_MS, TOTAL_OUTAGES, CURRENT_OUTAGE_DURATION_MS]
2025-12-10 15:23:20,823 INFO o.a.j.s.SampleEvent: List of sample_variables: [FLIGHTTOCOUNT, FLIGHTRETCOUNT, ONEWAY, SERVICE_AVAILABLE, CONSECUTIVE_FAILURES, LAST_RECOVERY_TIME_MS, TOTAL_OUTAGES, CURRENT_OUTAGE_DURATION_MS]
2025-12-10 15:23:20,826 INFO o.a.j.e.u.CompoundVariable: Note: Function class names must contain the string: '.functions.'
2025-12-10 15:23:20,828 INFO o.a.j.e.u.CompoundVariable: Note: Function class names must not contain the string: '.gui.'
2025-12-10 15:23:20,892 INFO o.a.j.JMeter: Running test (1765380200892)
2025-12-10 15:23:20,919 INFO o.a.j.e.StandardJMeterEngine: Starting ThreadGroup: 1 : Thread Group
2025-12-10 15:23:20,920 INFO o.a.j.e.StandardJMeterEngine: Starting 8 threads for group Thread Group.
2025-12-10 15:23:20,920 INFO o.a.j.e.StandardJMeterEngine: Thread will continue on error
2025-12-10 15:23:20,921 INFO o.a.j.t.ThreadGroup: Starting thread group... number=1 threads=8 ramp-up=10 delayedStart=false
2025-12-10 15:23:20,927 INFO o.a.j.t.JMeterThread: Thread started: Thread Group 1-1
2025-12-10 15:23:20,929 INFO o.a.j.s.FileServer: Stored: hosts.csv Alias: hosts.csv@183099121
2025-12-10 15:23:20,939 INFO o.a.j.t.ThreadGroup: Started thread group number 1
2025-12-10 15:23:20,940 INFO o.a.j.e.StandardJMeterEngine: All thread groups have been started
2025-12-10 15:23:20,944 WARN o.a.j.p.h.s.HTTPHCAbstractImpl: You're using property 'httpclient.timeout' that will soon be deprecated for HttpClient3.1, you should either set timeout in HTTP Request GUI, HTTP Request Defaults or set http.socket.timeout in httpclient.parameters
2025-12-10 15:23:20,945 INFO o.a.j.p.h.s.HTTPHCAbstractImpl: Local host = 93dbba257f64
2025-12-10 15:23:20,948 INFO o.a.j.p.h.s.HTTPHC4Impl: HTTP request retry count = 0
2025-12-10 15:23:20,950 INFO o.a.j.s.SampleResult: Note: Sample TimeStamps are START times
2025-12-10 15:23:20,953 INFO o.a.j.s.SampleResult: sampleresult.default.encoding is set to ISO-8859-1
2025-12-10 15:23:20,953 INFO o.a.j.s.SampleResult: sampleresult.useNanoTime=true
2025-12-10 15:23:20,953 INFO o.a.j.s.SampleResult: sampleresult.nanoThreadSleep=5000
2025-12-10 15:23:21,133 INFO o.a.j.s.FileServer: Stored: Airports2.csv
2025-12-10 15:23:21,134 INFO o.a.j.s.FileServer: Stored: Airports.csv
2025-12-10 15:23:22,183 INFO o.a.j.t.JMeterThread: Thread started: Thread Group 1-2
2025-12-10 15:23:22,185 INFO o.a.j.s.FileServer: Stored: hosts.csv Alias: hosts.csv@599258401
2025-12-10 15:23:23,423 INFO o.a.j.t.JMeterThread: Thread started: Thread Group 1-3
2025-12-10 15:23:23,425 INFO o.a.j.s.FileServer: Stored: hosts.csv Alias: hosts.csv@1294330730
2025-12-10 15:23:24,679 INFO o.a.j.t.JMeterThread: Thread started: Thread Group 1-4
2025-12-10 15:23:24,681 INFO o.a.j.s.FileServer: Stored: hosts.csv Alias: hosts.csv@109378206
2025-12-10 15:23:25,926 INFO o.a.j.t.JMeterThread: Thread started: Thread Group 1-5
2025-12-10 15:23:25,929 INFO o.a.j.s.FileServer: Stored: hosts.csv Alias: hosts.csv@1801349903
2025-12-10 15:23:27,175 INFO o.a.j.t.JMeterThread: Thread started: Thread Group 1-6
2025-12-10 15:23:27,176 INFO o.a.j.s.FileServer: Stored: hosts.csv Alias: hosts.csv@1170011052
2025-12-10 15:23:28,426 INFO o.a.j.t.JMeterThread: Thread started: Thread Group 1-7
2025-12-10 15:23:28,427 INFO o.a.j.s.FileServer: Stored: hosts.csv Alias: hosts.csv@769917395
2025-12-10 15:23:29,672 INFO o.a.j.t.JMeterThread: Thread started: Thread Group 1-8
2025-12-10 15:23:29,674 INFO o.a.j.s.FileServer: Stored: hosts.csv Alias: hosts.csv@251529034
2025-12-10 15:23:30,015 INFO o.a.j.r.Summariser: summary +    197 in 00:00:09 =   21.6/s Avg:    33 Min:    21 Max:   151 Err:     0 (0.00%) Active: 8 Started: 8 Finished: 0
2025-12-10 15:24:00,002 INFO o.a.j.r.Summariser: summary +   1052 in 00:00:30 =   35.1/s Avg:    28 Min:    18 Max:    46 Err:     0 (0.00%) Active: 8 Started: 8 Finished: 0
2025-12-10 15:24:00,003 INFO o.a.j.r.Summariser: summary =   1249 in 00:00:39 =   31.9/s Avg:    29 Min:    18 Max:   151 Err:     0 (0.00%)
2025-12-10 15:24:30,005 INFO o.a.j.r.Summariser: summary +   1048 in 00:00:30 =   34.9/s Avg:    29 Min:    18 Max:    61 Err:     0 (0.00%) Active: 8 Started: 8 Finished: 0
2025-12-10 15:24:30,007 INFO o.a.j.r.Summariser: summary =   2297 in 00:01:09 =   33.2/s Avg:    29 Min:    18 Max:   151 Err:     0 (0.00%)
2025-12-10 15:25:00,029 INFO o.a.j.r.Summariser: summary +   1053 in 00:00:30 =   35.1/s Avg:    29 Min:    20 Max:    71 Err:     0 (0.00%) Active: 8 Started: 8 Finished: 0
2025-12-10 15:25:00,031 INFO o.a.j.r.Summariser: summary =   3350 in 00:01:39 =   33.8/s Avg:    29 Min:    18 Max:   151 Err:     0 (0.00%)
2025-12-10 15:25:30,004 INFO o.a.j.r.Summariser: summary +    285 in 00:00:30 =    9.5/s Avg:   664 Min:    18 Max: 10050 Err:    56 (19.65%) Active: 8 Started: 8 Finished: 0
2025-12-10 15:25:30,005 INFO o.a.j.r.Summariser: summary =   3635 in 00:02:09 =   28.2/s Avg:    79 Min:    18 Max: 10050 Err:    56 (1.54%)
2025-12-10 15:26:02,656 INFO o.a.j.r.Summariser: summary +    636 in 00:00:33 =   19.5/s Avg:   154 Min:    19 Max: 10024 Err:    20 (3.14%) Active: 8 Started: 8 Finished: 0
2025-12-10 15:26:02,658 INFO o.a.j.r.Summariser: summary =   4271 in 00:02:42 =   26.4/s Avg:    90 Min:    18 Max: 10050 Err:    76 (1.78%)
2025-12-10 15:26:30,224 INFO o.a.j.r.Summariser: summary +    788 in 00:00:28 =   28.6/s Avg:   122 Min:    19 Max: 10057 Err:    27 (3.43%) Active: 8 Started: 8 Finished: 0
2025-12-10 15:26:30,226 INFO o.a.j.r.Summariser: summary =   5059 in 00:03:09 =   26.7/s Avg:    95 Min:    18 Max: 10057 Err:   103 (2.04%)
2025-12-10 15:27:00,008 INFO o.a.j.r.Summariser: summary +   1061 in 00:00:30 =   35.6/s Avg:    29 Min:    19 Max:    73 Err:     0 (0.00%) Active: 8 Started: 8 Finished: 0
2025-12-10 15:27:00,011 INFO o.a.j.r.Summariser: summary =   6120 in 00:03:39 =   27.9/s Avg:    84 Min:    18 Max: 10057 Err:   103 (1.68%)
2025-12-10 15:27:30,150 INFO o.a.j.r.Summariser: summary +    881 in 00:00:30 =   29.2/s Avg:    34 Min:    18 Max:  5007 Err:     1 (0.11%) Active: 8 Started: 8 Finished: 0
2025-12-10 15:27:30,152 INFO o.a.j.r.Summariser: summary =   7001 in 00:04:09 =   28.1/s Avg:    77 Min:    18 Max: 10057 Err:   104 (1.49%)
2025-12-10 15:28:00,002 INFO o.a.j.r.Summariser: summary +    420 in 00:00:30 =   14.1/s Avg:   463 Min:    17 Max: 10052 Err:    63 (15.00%) Active: 8 Started: 8 Finished: 0
2025-12-10 15:28:00,004 INFO o.a.j.r.Summariser: summary =   7421 in 00:04:39 =   26.6/s Avg:    99 Min:    17 Max: 10057 Err:   167 (2.25%)
2025-12-10 15:28:30,919 INFO o.a.j.r.Summariser: summary +    588 in 00:00:31 =   19.0/s Avg:   173 Min:    19 Max: 10028 Err:    21 (3.57%) Active: 8 Started: 8 Finished: 0
2025-12-10 15:28:30,938 INFO o.a.j.r.Summariser: summary =   8009 in 00:05:10 =   25.8/s Avg:   105 Min:    17 Max: 10057 Err:   188 (2.35%)
2025-12-10 15:29:00,002 INFO o.a.j.r.Summariser: summary +    853 in 00:00:29 =   29.3/s Avg:   107 Min:    19 Max: 10025 Err:    31 (3.63%) Active: 8 Started: 8 Finished: 0
2025-12-10 15:29:00,004 INFO o.a.j.r.Summariser: summary =   8862 in 00:05:39 =   26.1/s Avg:   105 Min:    17 Max: 10057 Err:   219 (2.47%)
2025-12-10 15:29:30,243 INFO o.a.j.r.Summariser: summary +   1052 in 00:00:30 =   34.8/s Avg:    30 Min:    19 Max:   227 Err:     0 (0.00%) Active: 8 Started: 8 Finished: 0
2025-12-10 15:29:30,310 INFO o.a.j.r.Summariser: summary =   9914 in 00:06:09 =   26.8/s Avg:    97 Min:    17 Max: 10057 Err:   219 (2.21%)
2025-12-10 15:30:00,721 INFO o.a.j.r.Summariser: summary +   1048 in 00:00:30 =   34.4/s Avg:    32 Min:    20 Max:   402 Err:     0 (0.00%) Active: 8 Started: 8 Finished: 0
2025-12-10 15:30:00,723 INFO o.a.j.r.Summariser: summary =  10962 in 00:06:40 =   27.4/s Avg:    91 Min:    17 Max: 10057 Err:   219 (2.00%)
2025-12-10 15:30:30,051 INFO o.a.j.r.Summariser: summary +    360 in 00:00:29 =   12.3/s Avg:   375 Min:    19 Max: 10120 Err:    33 (9.17%) Active: 8 Started: 8 Finished: 0
2025-12-10 15:30:30,056 INFO o.a.j.r.Summariser: summary =  11322 in 00:07:09 =   26.4/s Avg:   100 Min:    17 Max: 10120 Err:   252 (2.23%)
2025-12-10 15:31:00,729 INFO o.a.j.r.Summariser: summary +    752 in 00:00:31 =   24.5/s Avg:   163 Min:    19 Max:  5053 Err:    43 (5.72%) Active: 8 Started: 8 Finished: 0
2025-12-10 15:31:00,731 INFO o.a.j.r.Summariser: summary =  12074 in 00:07:40 =   26.3/s Avg:   104 Min:    17 Max: 10120 Err:   295 (2.44%)
2025-12-10 15:31:31,423 INFO o.a.j.r.Summariser: summary +    462 in 00:00:31 =   15.1/s Avg:   296 Min:    19 Max: 10052 Err:    36 (7.79%) Active: 8 Started: 8 Finished: 0
2025-12-10 15:31:31,425 INFO o.a.j.r.Summariser: summary =  12536 in 00:08:11 =   25.6/s Avg:   111 Min:    17 Max: 10120 Err:   331 (2.64%)
2025-12-10 15:32:01,281 INFO o.a.j.r.Summariser: summary +   1003 in 00:00:30 =   33.6/s Avg:    53 Min:    20 Max:  5138 Err:    14 (1.40%) Active: 8 Started: 8 Finished: 0
2025-12-10 15:32:01,283 INFO o.a.j.r.Summariser: summary =  13539 in 00:08:40 =   26.0/s Avg:   106 Min:    17 Max: 10120 Err:   345 (2.55%)
2025-12-10 15:32:30,015 INFO o.a.j.r.Summariser: summary +    398 in 00:00:29 =   13.9/s Avg:   340 Min:    19 Max: 10026 Err:    58 (14.57%) Active: 8 Started: 8 Finished: 0
2025-12-10 15:32:30,019 INFO o.a.j.r.Summariser: summary =  13937 in 00:09:09 =   25.4/s Avg:   113 Min:    17 Max: 10120 Err:   403 (2.89%)
2025-12-10 15:33:00,019 INFO o.a.j.r.Summariser: summary +    881 in 00:00:30 =   29.4/s Avg:    95 Min:    19 Max: 10024 Err:     5 (0.57%) Active: 8 Started: 8 Finished: 0
2025-12-10 15:33:00,021 INFO o.a.j.r.Summariser: summary =  14818 in 00:09:39 =   25.6/s Avg:   112 Min:    17 Max: 10120 Err:   408 (2.75%)
2025-12-10 15:33:30,069 INFO o.a.j.r.Summariser: summary +   1049 in 00:00:30 =   34.9/s Avg:    29 Min:    20 Max:    78 Err:     0 (0.00%) Active: 8 Started: 8 Finished: 0
2025-12-10 15:33:30,072 INFO o.a.j.r.Summariser: summary =  15867 in 00:10:09 =   26.0/s Avg:   107 Min:    17 Max: 10120 Err:   408 (2.57%)
2025-12-10 15:34:00,009 INFO o.a.j.r.Summariser: summary +   1055 in 00:00:30 =   35.2/s Avg:    29 Min:    19 Max:    64 Err:     0 (0.00%) Active: 8 Started: 8 Finished: 0
2025-12-10 15:34:00,010 INFO o.a.j.r.Summariser: summary =  16922 in 00:10:39 =   26.5/s Avg:   102 Min:    17 Max: 10120 Err:   408 (2.41%)
2025-12-10 15:34:19,185 INFO o.a.j.t.JMeterThread: Thread finished: Thread Group 1-1
2025-12-10 15:34:19,245 INFO o.a.j.t.JMeterThread: Thread finished: Thread Group 1-6
2025-12-10 15:34:19,245 INFO o.a.j.t.JMeterThread: Thread finished: Thread Group 1-4
2025-12-10 15:34:19,358 INFO o.a.j.t.JMeterThread: Thread finished: Thread Group 1-3
2025-12-10 15:34:19,620 INFO o.a.j.t.JMeterThread: Thread finished: Thread Group 1-7
2025-12-10 15:34:19,655 INFO o.a.j.t.JMeterThread: Thread finished: Thread Group 1-8
2025-12-10 15:34:19,672 INFO o.a.j.t.JMeterThread: Thread finished: Thread Group 1-5
2025-12-10 15:34:20,744 INFO o.a.j.t.JMeterThread: Thread finished: Thread Group 1-2
2025-12-10 15:34:20,750 INFO o.a.j.e.StandardJMeterEngine: Notifying test listeners of end of test
2025-12-10 15:34:20,753 INFO o.a.j.s.FileServer: Close: Airports2.csv
2025-12-10 15:34:20,754 INFO o.a.j.s.FileServer: Close: Airports.csv
2025-12-10 15:34:20,754 INFO o.a.j.s.FileServer: Close: hosts.csv@251529034
2025-12-10 15:34:20,755 INFO o.a.j.s.FileServer: Close: hosts.csv@183099121
2025-12-10 15:34:20,756 INFO o.a.j.s.FileServer: Close: hosts.csv@109378206
2025-12-10 15:34:20,756 INFO o.a.j.s.FileServer: Close: hosts.csv@1294330730
2025-12-10 15:34:20,757 INFO o.a.j.s.FileServer: Close: hosts.csv@1801349903
2025-12-10 15:34:20,757 INFO o.a.j.s.FileServer: Close: hosts.csv@1170011052
2025-12-10 15:34:20,758 INFO o.a.j.s.FileServer: Close: hosts.csv@599258401
2025-12-10 15:34:20,759 INFO o.a.j.s.FileServer: Close: hosts.csv@769917395
2025-12-10 15:34:20,762 INFO o.a.j.r.Summariser: summary +    729 in 00:00:21 =   35.1/s Avg:    29 Min:    20 Max:    45 Err:     0 (0.00%) Active: 0 Started: 8 Finished: 8
2025-12-10 15:34:20,762 INFO o.a.j.r.Summariser: summary =  17651 in 00:11:00 =   26.7/s Avg:    99 Min:    17 Max: 10120 Err:   408 (2.31%)
